<!DOCTYPE html>
<html>
<head>
<meta charset="UTF-8">
<style type="text/css">
#online {
	text-align: center;
	color: red;
}
</style>
<style type="text/css">
#linebreak {
	text-align: center;
	color: red;
}
</style>
<style type="text/css">
#tagindent {
	text-align: center;
	color: red;
}
</style>
<style type="text/css">
#emptylines {
	text-align: center;
	color: red;
}
</style>
<style type="text/css">
#notype {
	text-align: center;
	color: red;
}
</style>
<style type="text/css"></style>
</head>
<body>
</body>
</html>