<!DOCTYPE html>
<HTML>
<BODY>
	Before
	<BR> After
	<!-- Only treated correctly by HTML5 model -->
	<NAV>
		<A></A>
	</NAV>
</BODY>
</HTML>