<!DOCTYPE html>
<html>
<head>
<meta http-equiv="Content-Type" content="text/html; charset=UTF-8">
<title>T<whatsoever></whatsoever></title>
</head>
</html>