<!DOCTYPE html>
<html>
<head>
<meta http-equiv="Content-Type" content="text/html; charset=UTF-8">
<script type="text/javascript">
    console.log("One line")
</script>
<script type="text/javascript">
    console.log("Line break, no indent");
</script>
<script type="text/javascript">
    console.log("Line break, wrong indent")
</script>
</head>
<body>
	<nav>
		<script type="text/javascript">
            console.log("One line, nested")
        </script>
		<script type="text/javascript">
            console.log("Line break, no indent, nested")
        </script>
		<script type="text/javascript">
            console.log("Line break, wrong indent, nested");
        </script>
		<script type="text/javascript">
            console.log("Wrong tag indents")
        </script>
		<script type="text/javascript">
            console.log("Empty lines when closing.");
        </script>
		<script type="text/javascript">
            console.log("Script without type")
        </script>
		<script type="text/javascript"></script>
		<script type="text/javascript">
 if (condition) { console.log("Missing end of JS block")
        </script>
	</nav>
</body>
</html>